// Jest Snapshot v1, https://goo.gl/fbAQLP

exports[`renders correctly 1`] = `
<div>
  <h1>
    OOPS!
  </h1>
  <p>
    This is an error screen
  </p>
  <p>
    Error: 
  </p>
</div>
`;
